
*****************************************
Setting OMP_NUM_THREADS environment variable for each process to be 1 in default, to avoid your system being overloaded, please further tune the variable for optimal performance in your application as needed. 
*****************************************
/home/tstanley/miniconda3/envs/vmamba_copy/lib/python3.10/site-packages/requests/__init__.py:113: RequestsDependencyWarning: urllib3 (1.26.20) or chardet (7.0.1)/charset_normalizer (3.1.0) doesn't match a supported version!
  warnings.warn(
/home/tstanley/miniconda3/envs/vmamba_copy/lib/python3.10/site-packages/requests/__init__.py:113: RequestsDependencyWarning: urllib3 (1.26.20) or chardet (7.0.1)/charset_normalizer (3.1.0) doesn't match a supported version!
  warnings.warn(
/home/tstanley/miniconda3/envs/vmamba_copy/lib/python3.10/site-packages/requests/__init__.py:113: RequestsDependencyWarning: urllib3 (1.26.20) or chardet (7.0.1)/charset_normalizer (3.1.0) doesn't match a supported version!
  warnings.warn(
/home/tstanley/miniconda3/envs/vmamba_copy/lib/python3.10/site-packages/requests/__init__.py:113: RequestsDependencyWarning: urllib3 (1.26.20) or chardet (7.0.1)/charset_normalizer (3.1.0) doesn't match a supported version!
  warnings.warn(
/home/tstanley/miniconda3/envs/vmamba_copy/lib/python3.10/site-packages/requests/__init__.py:113: RequestsDependencyWarning: urllib3 (1.26.20) or chardet (7.0.1)/charset_normalizer (3.1.0) doesn't match a supported version!
  warnings.warn(
/home/tstanley/miniconda3/envs/vmamba_copy/lib/python3.10/site-packages/requests/__init__.py:113: RequestsDependencyWarning: urllib3 (1.26.20) or chardet (7.0.1)/charset_normalizer (3.1.0) doesn't match a supported version!
  warnings.warn(
[E320 16:54:16.243258643 socket.cpp:1028] [c10d] The client socket has timed out after 600000ms while trying to connect to (localhost, 3681).
[W320 16:54:16.484701058 TCPStore.cpp:340] [c10d] TCP client failed to connect/validate to host localhost:3681 - retrying (try=0, timeout=600000ms, delay=77187ms): The client socket has timed out after 600000ms while trying to connect to (localhost, 3681).
Exception raised from throwTimeoutError at /pytorch/torch/csrc/distributed/c10d/socket.cpp:1030 (most recent call first):
frame #0: c10::Error::Error(c10::SourceLocation, std::__cxx11::basic_string<char, std::char_traits<char>, std::allocator<char> >) + 0x9d (0x15542521dfdd in /home/tstanley/miniconda3/envs/vmamba_copy/lib/python3.10/site-packages/torch/lib/libc10.so)
frame #1: <unknown function> + 0x16b7768 (0x155464030768 in /home/tstanley/miniconda3/envs/vmamba_copy/lib/python3.10/site-packages/torch/lib/libtorch_cpu.so)
frame #2: <unknown function> + 0x6ac3457 (0x15546943c457 in /home/tstanley/miniconda3/envs/vmamba_copy/lib/python3.10/site-packages/torch/lib/libtorch_cpu.so)
frame #3: <unknown function> + 0x6ac35f6 (0x15546943c5f6 in /home/tstanley/miniconda3/envs/vmamba_copy/lib/python3.10/site-packages/torch/lib/libtorch_cpu.so)
frame #4: <unknown function> + 0x6ac39e7 (0x15546943c9e7 in /home/tstanley/miniconda3/envs/vmamba_copy/lib/python3.10/site-packages/torch/lib/libtorch_cpu.so)
frame #5: <unknown function> + 0x6a28fe3 (0x1554693a1fe3 in /home/tstanley/miniconda3/envs/vmamba_copy/lib/python3.10/site-packages/torch/lib/libtorch_cpu.so)
frame #6: c10d::TCPStore::TCPStore(std::__cxx11::basic_string<char, std::char_traits<char>, std::allocator<char> >, c10d::TCPStoreOptions const&) + 0x41d (0x1554693a8d7d in /home/tstanley/miniconda3/envs/vmamba_copy/lib/python3.10/site-packages/torch/lib/libtorch_cpu.so)
frame #7: <unknown function> + 0xe7d73f (0x155478ca573f in /home/tstanley/miniconda3/envs/vmamba_copy/lib/python3.10/site-packages/torch/lib/libtorch_python.so)
frame #8: <unknown function> + 0x40d20a (0x15547823520a in /home/tstanley/miniconda3/envs/vmamba_copy/lib/python3.10/site-packages/torch/lib/libtorch_python.so)
frame #9: <unknown function> + 0x13d0c6 (0x5555556910c6 in /home/tstanley/miniconda3/envs/vmamba_copy/bin/python)
frame #10: _PyObject_MakeTpCall + 0x273 (0x555555689e13 in /home/tstanley/miniconda3/envs/vmamba_copy/bin/python)
frame #11: <unknown function> + 0x14ac57 (0x55555569ec57 in /home/tstanley/miniconda3/envs/vmamba_copy/bin/python)
frame #12: PyVectorcall_Call + 0xc7 (0x55555569f7e7 in /home/tstanley/miniconda3/envs/vmamba_copy/bin/python)
frame #13: <unknown function> + 0x148821 (0x55555569c821 in /home/tstanley/miniconda3/envs/vmamba_copy/bin/python)
frame #14: <unknown function> + 0x13617d (0x55555568a17d in /home/tstanley/miniconda3/envs/vmamba_copy/bin/python)
frame #15: <unknown function> + 0x40ac7b (0x155478232c7b in /home/tstanley/miniconda3/envs/vmamba_copy/lib/python3.10/site-packages/torch/lib/libtorch_python.so)
frame #16: _PyObject_MakeTpCall + 0x273 (0x555555689e13 in /home/tstanley/miniconda3/envs/vmamba_copy/bin/python)
frame #17: _PyEval_EvalFrameDefault + 0x5466 (0x555555686016 in /home/tstanley/miniconda3/envs/vmamba_copy/bin/python)
frame #18: _PyFunction_Vectorcall + 0x6c (0x55555569159c in /home/tstanley/miniconda3/envs/vmamba_copy/bin/python)
frame #19: _PyEval_EvalFrameDefault + 0x313 (0x555555680ec3 in /home/tstanley/miniconda3/envs/vmamba_copy/bin/python)
frame #20: <unknown function> + 0x1b208f (0x55555570608f in /home/tstanley/miniconda3/envs/vmamba_copy/bin/python)
frame #21: <unknown function> + 0x13d763 (0x555555691763 in /home/tstanley/miniconda3/envs/vmamba_copy/bin/python)
frame #22: _PyEval_EvalFrameDefault + 0x313 (0x555555680ec3 in /home/tstanley/miniconda3/envs/vmamba_copy/bin/python)
frame #23: _PyFunction_Vectorcall + 0x6c (0x55555569159c in /home/tstanley/miniconda3/envs/vmamba_copy/bin/python)
frame #24: PyObject_Call + 0xba (0x55555569f45a in /home/tstanley/miniconda3/envs/vmamba_copy/bin/python)
frame #25: _PyEval_EvalFrameDefault + 0x2d02 (0x5555556838b2 in /home/tstanley/miniconda3/envs/vmamba_copy/bin/python)
frame #26: _PyFunction_Vectorcall + 0x6c (0x55555569159c in /home/tstanley/miniconda3/envs/vmamba_copy/bin/python)
frame #27: PyObject_Call + 0xba (0x55555569f45a in /home/tstanley/miniconda3/envs/vmamba_copy/bin/python)
frame #28: _PyEval_EvalFrameDefault + 0x2d02 (0x5555556838b2 in /home/tstanley/miniconda3/envs/vmamba_copy/bin/python)
frame #29: _PyFunction_Vectorcall + 0x6c (0x55555569159c in /home/tstanley/miniconda3/envs/vmamba_copy/bin/python)
frame #30: _PyEval_EvalFrameDefault + 0x130f (0x555555681ebf in /home/tstanley/miniconda3/envs/vmamba_copy/bin/python)
frame #31: _PyFunction_Vectorcall + 0x6c (0x55555569159c in /home/tstanley/miniconda3/envs/vmamba_copy/bin/python)
frame #32: _PyEval_EvalFrameDefault + 0x2d02 (0x5555556838b2 in /home/tstanley/miniconda3/envs/vmamba_copy/bin/python)
frame #33: _PyFunction_Vectorcall + 0x6c (0x55555569159c in /home/tstanley/miniconda3/envs/vmamba_copy/bin/python)
frame #34: _PyEval_EvalFrameDefault + 0x6fb (0x5555556812ab in /home/tstanley/miniconda3/envs/vmamba_copy/bin/python)
frame #35: _PyFunction_Vectorcall + 0x6c (0x55555569159c in /home/tstanley/miniconda3/envs/vmamba_copy/bin/python)
frame #36: _PyEval_EvalFrameDefault + 0x6fb (0x5555556812ab in /home/tstanley/miniconda3/envs/vmamba_copy/bin/python)
frame #37: _PyFunction_Vectorcall + 0x6c (0x55555569159c in /home/tstanley/miniconda3/envs/vmamba_copy/bin/python)
frame #38: _PyEval_EvalFrameDefault + 0x313 (0x555555680ec3 in /home/tstanley/miniconda3/envs/vmamba_copy/bin/python)
frame #39: _PyFunction_Vectorcall + 0x6c (0x55555569159c in /home/tstanley/miniconda3/envs/vmamba_copy/bin/python)
frame #40: _PyEval_EvalFrameDefault + 0x130f (0x555555681ebf in /home/tstanley/miniconda3/envs/vmamba_copy/bin/python)
frame #41: <unknown function> + 0x1d51ac (0x5555557291ac in /home/tstanley/miniconda3/envs/vmamba_copy/bin/python)
frame #42: PyEval_EvalCode + 0x85 (0x5555557290f5 in /home/tstanley/miniconda3/envs/vmamba_copy/bin/python)
frame #43: <unknown function> + 0x206cba (0x55555575acba in /home/tstanley/miniconda3/envs/vmamba_copy/bin/python)
frame #44: <unknown function> + 0x201773 (0x555555755773 in /home/tstanley/miniconda3/envs/vmamba_copy/bin/python)
frame #45: PyRun_StringFlags + 0x7d (0x55555574dc8d in /home/tstanley/miniconda3/envs/vmamba_copy/bin/python)
frame #46: PyRun_SimpleStringFlags + 0x3c (0x55555574db2c in /home/tstanley/miniconda3/envs/vmamba_copy/bin/python)
frame #47: Py_RunMain + 0x23a (0x55555574cbaa in /home/tstanley/miniconda3/envs/vmamba_copy/bin/python)
frame #48: Py_BytesMain + 0x37 (0x55555571c947 in /home/tstanley/miniconda3/envs/vmamba_copy/bin/python)
frame #49: __libc_start_main + 0xe5 (0x1555545dd7e5 in /lib64/libc.so.6)
frame #50: <unknown function> + 0x1c882e (0x55555571c82e in /home/tstanley/miniconda3/envs/vmamba_copy/bin/python)

[E320 16:54:34.531050060 socket.cpp:1028] [c10d] The client socket has timed out after 600000ms while trying to connect to (localhost, 3681).
[W320 16:54:34.532156548 TCPStore.cpp:340] [c10d] TCP client failed to connect/validate to host localhost:3681 - retrying (try=0, timeout=600000ms, delay=56142ms): The client socket has timed out after 600000ms while trying to connect to (localhost, 3681).
Exception raised from throwTimeoutError at /pytorch/torch/csrc/distributed/c10d/socket.cpp:1030 (most recent call first):
frame #0: c10::Error::Error(c10::SourceLocation, std::__cxx11::basic_string<char, std::char_traits<char>, std::allocator<char> >) + 0x9d (0x15542521dfdd in /home/tstanley/miniconda3/envs/vmamba_copy/lib/python3.10/site-packages/torch/lib/libc10.so)
frame #1: <unknown function> + 0x16b7768 (0x155464030768 in /home/tstanley/miniconda3/envs/vmamba_copy/lib/python3.10/site-packages/torch/lib/libtorch_cpu.so)
frame #2: <unknown function> + 0x6ac3457 (0x15546943c457 in /home/tstanley/miniconda3/envs/vmamba_copy/lib/python3.10/site-packages/torch/lib/libtorch_cpu.so)
frame #3: <unknown function> + 0x6ac35f6 (0x15546943c5f6 in /home/tstanley/miniconda3/envs/vmamba_copy/lib/python3.10/site-packages/torch/lib/libtorch_cpu.so)
frame #4: <unknown function> + 0x6ac39e7 (0x15546943c9e7 in /home/tstanley/miniconda3/envs/vmamba_copy/lib/python3.10/site-packages/torch/lib/libtorch_cpu.so)
frame #5: <unknown function> + 0x6a28fe3 (0x1554693a1fe3 in /home/tstanley/miniconda3/envs/vmamba_copy/lib/python3.10/site-packages/torch/lib/libtorch_cpu.so)
frame #6: c10d::TCPStore::TCPStore(std::__cxx11::basic_string<char, std::char_traits<char>, std::allocator<char> >, c10d::TCPStoreOptions const&) + 0x41d (0x1554693a8d7d in /home/tstanley/miniconda3/envs/vmamba_copy/lib/python3.10/site-packages/torch/lib/libtorch_cpu.so)
frame #7: <unknown function> + 0xe7d73f (0x155478ca573f in /home/tstanley/miniconda3/envs/vmamba_copy/lib/python3.10/site-packages/torch/lib/libtorch_python.so)
frame #8: <unknown function> + 0x40d20a (0x15547823520a in /home/tstanley/miniconda3/envs/vmamba_copy/lib/python3.10/site-packages/torch/lib/libtorch_python.so)
frame #9: <unknown function> + 0x13d0c6 (0x5555556910c6 in /home/tstanley/miniconda3/envs/vmamba_copy/bin/python)
frame #10: _PyObject_MakeTpCall + 0x273 (0x555555689e13 in /home/tstanley/miniconda3/envs/vmamba_copy/bin/python)
frame #11: <unknown function> + 0x14ac57 (0x55555569ec57 in /home/tstanley/miniconda3/envs/vmamba_copy/bin/python)
frame #12: PyVectorcall_Call + 0xc7 (0x55555569f7e7 in /home/tstanley/miniconda3/envs/vmamba_copy/bin/python)
frame #13: <unknown function> + 0x148821 (0x55555569c821 in /home/tstanley/miniconda3/envs/vmamba_copy/bin/python)
frame #14: <unknown function> + 0x13617d (0x55555568a17d in /home/tstanley/miniconda3/envs/vmamba_copy/bin/python)
frame #15: <unknown function> + 0x40ac7b (0x155478232c7b in /home/tstanley/miniconda3/envs/vmamba_copy/lib/python3.10/site-packages/torch/lib/libtorch_python.so)
frame #16: _PyObject_MakeTpCall + 0x273 (0x555555689e13 in /home/tstanley/miniconda3/envs/vmamba_copy/bin/python)
frame #17: _PyEval_EvalFrameDefault + 0x5466 (0x555555686016 in /home/tstanley/miniconda3/envs/vmamba_copy/bin/python)
frame #18: _PyFunction_Vectorcall + 0x6c (0x55555569159c in /home/tstanley/miniconda3/envs/vmamba_copy/bin/python)
frame #19: _PyEval_EvalFrameDefault + 0x313 (0x555555680ec3 in /home/tstanley/miniconda3/envs/vmamba_copy/bin/python)
frame #20: <unknown function> + 0x1b208f (0x55555570608f in /home/tstanley/miniconda3/envs/vmamba_copy/bin/python)
frame #21: <unknown function> + 0x13d763 (0x555555691763 in /home/tstanley/miniconda3/envs/vmamba_copy/bin/python)
frame #22: _PyEval_EvalFrameDefault + 0x313 (0x555555680ec3 in /home/tstanley/miniconda3/envs/vmamba_copy/bin/python)
frame #23: _PyFunction_Vectorcall + 0x6c (0x55555569159c in /home/tstanley/miniconda3/envs/vmamba_copy/bin/python)
frame #24: PyObject_Call + 0xba (0x55555569f45a in /home/tstanley/miniconda3/envs/vmamba_copy/bin/python)
frame #25: _PyEval_EvalFrameDefault + 0x2d02 (0x5555556838b2 in /home/tstanley/miniconda3/envs/vmamba_copy/bin/python)
frame #26: _PyFunction_Vectorcall + 0x6c (0x55555569159c in /home/tstanley/miniconda3/envs/vmamba_copy/bin/python)
frame #27: PyObject_Call + 0xba (0x55555569f45a in /home/tstanley/miniconda3/envs/vmamba_copy/bin/python)
frame #28: _PyEval_EvalFrameDefault + 0x2d02 (0x5555556838b2 in /home/tstanley/miniconda3/envs/vmamba_copy/bin/python)
frame #29: _PyFunction_Vectorcall + 0x6c (0x55555569159c in /home/tstanley/miniconda3/envs/vmamba_copy/bin/python)
frame #30: _PyEval_EvalFrameDefault + 0x130f (0x555555681ebf in /home/tstanley/miniconda3/envs/vmamba_copy/bin/python)
frame #31: _PyFunction_Vectorcall + 0x6c (0x55555569159c in /home/tstanley/miniconda3/envs/vmamba_copy/bin/python)
frame #32: _PyEval_EvalFrameDefault + 0x2d02 (0x5555556838b2 in /home/tstanley/miniconda3/envs/vmamba_copy/bin/python)
frame #33: _PyFunction_Vectorcall + 0x6c (0x55555569159c in /home/tstanley/miniconda3/envs/vmamba_copy/bin/python)
frame #34: _PyEval_EvalFrameDefault + 0x6fb (0x5555556812ab in /home/tstanley/miniconda3/envs/vmamba_copy/bin/python)
frame #35: _PyFunction_Vectorcall + 0x6c (0x55555569159c in /home/tstanley/miniconda3/envs/vmamba_copy/bin/python)
frame #36: _PyEval_EvalFrameDefault + 0x6fb (0x5555556812ab in /home/tstanley/miniconda3/envs/vmamba_copy/bin/python)
frame #37: _PyFunction_Vectorcall + 0x6c (0x55555569159c in /home/tstanley/miniconda3/envs/vmamba_copy/bin/python)
frame #38: _PyEval_EvalFrameDefault + 0x313 (0x555555680ec3 in /home/tstanley/miniconda3/envs/vmamba_copy/bin/python)
frame #39: _PyFunction_Vectorcall + 0x6c (0x55555569159c in /home/tstanley/miniconda3/envs/vmamba_copy/bin/python)
frame #40: _PyEval_EvalFrameDefault + 0x130f (0x555555681ebf in /home/tstanley/miniconda3/envs/vmamba_copy/bin/python)
frame #41: <unknown function> + 0x1d51ac (0x5555557291ac in /home/tstanley/miniconda3/envs/vmamba_copy/bin/python)
frame #42: PyEval_EvalCode + 0x85 (0x5555557290f5 in /home/tstanley/miniconda3/envs/vmamba_copy/bin/python)
frame #43: <unknown function> + 0x206cba (0x55555575acba in /home/tstanley/miniconda3/envs/vmamba_copy/bin/python)
frame #44: <unknown function> + 0x201773 (0x555555755773 in /home/tstanley/miniconda3/envs/vmamba_copy/bin/python)
frame #45: PyRun_StringFlags + 0x7d (0x55555574dc8d in /home/tstanley/miniconda3/envs/vmamba_copy/bin/python)
frame #46: PyRun_SimpleStringFlags + 0x3c (0x55555574db2c in /home/tstanley/miniconda3/envs/vmamba_copy/bin/python)
frame #47: Py_RunMain + 0x23a (0x55555574cbaa in /home/tstanley/miniconda3/envs/vmamba_copy/bin/python)
frame #48: Py_BytesMain + 0x37 (0x55555571c947 in /home/tstanley/miniconda3/envs/vmamba_copy/bin/python)
frame #49: __libc_start_main + 0xe5 (0x1555545dd7e5 in /lib64/libc.so.6)
frame #50: <unknown function> + 0x1c882e (0x55555571c82e in /home/tstanley/miniconda3/envs/vmamba_copy/bin/python)

[E320 16:55:09.920385267 socket.cpp:1028] [c10d] The client socket has timed out after 600000ms while trying to connect to (localhost, 3681).
[W320 16:55:09.921283385 TCPStore.cpp:340] [c10d] TCP client failed to connect/validate to host localhost:3681 - retrying (try=0, timeout=600000ms, delay=70167ms): The client socket has timed out after 600000ms while trying to connect to (localhost, 3681).
Exception raised from throwTimeoutError at /pytorch/torch/csrc/distributed/c10d/socket.cpp:1030 (most recent call first):
frame #0: c10::Error::Error(c10::SourceLocation, std::__cxx11::basic_string<char, std::char_traits<char>, std::allocator<char> >) + 0x9d (0x15542521dfdd in /home/tstanley/miniconda3/envs/vmamba_copy/lib/python3.10/site-packages/torch/lib/libc10.so)
frame #1: <unknown function> + 0x16b7768 (0x155464030768 in /home/tstanley/miniconda3/envs/vmamba_copy/lib/python3.10/site-packages/torch/lib/libtorch_cpu.so)
frame #2: <unknown function> + 0x6ac3457 (0x15546943c457 in /home/tstanley/miniconda3/envs/vmamba_copy/lib/python3.10/site-packages/torch/lib/libtorch_cpu.so)
frame #3: <unknown function> + 0x6ac35f6 (0x15546943c5f6 in /home/tstanley/miniconda3/envs/vmamba_copy/lib/python3.10/site-packages/torch/lib/libtorch_cpu.so)
frame #4: <unknown function> + 0x6ac39e7 (0x15546943c9e7 in /home/tstanley/miniconda3/envs/vmamba_copy/lib/python3.10/site-packages/torch/lib/libtorch_cpu.so)
frame #5: <unknown function> + 0x6a28fe3 (0x1554693a1fe3 in /home/tstanley/miniconda3/envs/vmamba_copy/lib/python3.10/site-packages/torch/lib/libtorch_cpu.so)
frame #6: c10d::TCPStore::TCPStore(std::__cxx11::basic_string<char, std::char_traits<char>, std::allocator<char> >, c10d::TCPStoreOptions const&) + 0x41d (0x1554693a8d7d in /home/tstanley/miniconda3/envs/vmamba_copy/lib/python3.10/site-packages/torch/lib/libtorch_cpu.so)
frame #7: <unknown function> + 0xe7d73f (0x155478ca573f in /home/tstanley/miniconda3/envs/vmamba_copy/lib/python3.10/site-packages/torch/lib/libtorch_python.so)
frame #8: <unknown function> + 0x40d20a (0x15547823520a in /home/tstanley/miniconda3/envs/vmamba_copy/lib/python3.10/site-packages/torch/lib/libtorch_python.so)
frame #9: <unknown function> + 0x13d0c6 (0x5555556910c6 in /home/tstanley/miniconda3/envs/vmamba_copy/bin/python)
frame #10: _PyObject_MakeTpCall + 0x273 (0x555555689e13 in /home/tstanley/miniconda3/envs/vmamba_copy/bin/python)
frame #11: <unknown function> + 0x14ac57 (0x55555569ec57 in /home/tstanley/miniconda3/envs/vmamba_copy/bin/python)
frame #12: PyVectorcall_Call + 0xc7 (0x55555569f7e7 in /home/tstanley/miniconda3/envs/vmamba_copy/bin/python)
frame #13: <unknown function> + 0x148821 (0x55555569c821 in /home/tstanley/miniconda3/envs/vmamba_copy/bin/python)
frame #14: <unknown function> + 0x13617d (0x55555568a17d in /home/tstanley/miniconda3/envs/vmamba_copy/bin/python)
frame #15: <unknown function> + 0x40ac7b (0x155478232c7b in /home/tstanley/miniconda3/envs/vmamba_copy/lib/python3.10/site-packages/torch/lib/libtorch_python.so)
frame #16: _PyObject_MakeTpCall + 0x273 (0x555555689e13 in /home/tstanley/miniconda3/envs/vmamba_copy/bin/python)
frame #17: _PyEval_EvalFrameDefault + 0x5466 (0x555555686016 in /home/tstanley/miniconda3/envs/vmamba_copy/bin/python)
frame #18: _PyFunction_Vectorcall + 0x6c (0x55555569159c in /home/tstanley/miniconda3/envs/vmamba_copy/bin/python)
frame #19: _PyEval_EvalFrameDefault + 0x313 (0x555555680ec3 in /home/tstanley/miniconda3/envs/vmamba_copy/bin/python)
frame #20: <unknown function> + 0x1b208f (0x55555570608f in /home/tstanley/miniconda3/envs/vmamba_copy/bin/python)
frame #21: <unknown function> + 0x13d763 (0x555555691763 in /home/tstanley/miniconda3/envs/vmamba_copy/bin/python)
frame #22: _PyEval_EvalFrameDefault + 0x313 (0x555555680ec3 in /home/tstanley/miniconda3/envs/vmamba_copy/bin/python)
frame #23: _PyFunction_Vectorcall + 0x6c (0x55555569159c in /home/tstanley/miniconda3/envs/vmamba_copy/bin/python)
frame #24: PyObject_Call + 0xba (0x55555569f45a in /home/tstanley/miniconda3/envs/vmamba_copy/bin/python)
frame #25: _PyEval_EvalFrameDefault + 0x2d02 (0x5555556838b2 in /home/tstanley/miniconda3/envs/vmamba_copy/bin/python)
frame #26: _PyFunction_Vectorcall + 0x6c (0x55555569159c in /home/tstanley/miniconda3/envs/vmamba_copy/bin/python)
frame #27: PyObject_Call + 0xba (0x55555569f45a in /home/tstanley/miniconda3/envs/vmamba_copy/bin/python)
frame #28: _PyEval_EvalFrameDefault + 0x2d02 (0x5555556838b2 in /home/tstanley/miniconda3/envs/vmamba_copy/bin/python)
frame #29: _PyFunction_Vectorcall + 0x6c (0x55555569159c in /home/tstanley/miniconda3/envs/vmamba_copy/bin/python)
frame #30: _PyEval_EvalFrameDefault + 0x130f (0x555555681ebf in /home/tstanley/miniconda3/envs/vmamba_copy/bin/python)
frame #31: _PyFunction_Vectorcall + 0x6c (0x55555569159c in /home/tstanley/miniconda3/envs/vmamba_copy/bin/python)
frame #32: _PyEval_EvalFrameDefault + 0x2d02 (0x5555556838b2 in /home/tstanley/miniconda3/envs/vmamba_copy/bin/python)
frame #33: _PyFunction_Vectorcall + 0x6c (0x55555569159c in /home/tstanley/miniconda3/envs/vmamba_copy/bin/python)
frame #34: _PyEval_EvalFrameDefault + 0x6fb (0x5555556812ab in /home/tstanley/miniconda3/envs/vmamba_copy/bin/python)
frame #35: _PyFunction_Vectorcall + 0x6c (0x55555569159c in /home/tstanley/miniconda3/envs/vmamba_copy/bin/python)
frame #36: _PyEval_EvalFrameDefault + 0x6fb (0x5555556812ab in /home/tstanley/miniconda3/envs/vmamba_copy/bin/python)
frame #37: _PyFunction_Vectorcall + 0x6c (0x55555569159c in /home/tstanley/miniconda3/envs/vmamba_copy/bin/python)
frame #38: _PyEval_EvalFrameDefault + 0x313 (0x555555680ec3 in /home/tstanley/miniconda3/envs/vmamba_copy/bin/python)
frame #39: _PyFunction_Vectorcall + 0x6c (0x55555569159c in /home/tstanley/miniconda3/envs/vmamba_copy/bin/python)
frame #40: _PyEval_EvalFrameDefault + 0x130f (0x555555681ebf in /home/tstanley/miniconda3/envs/vmamba_copy/bin/python)
frame #41: <unknown function> + 0x1d51ac (0x5555557291ac in /home/tstanley/miniconda3/envs/vmamba_copy/bin/python)
frame #42: PyEval_EvalCode + 0x85 (0x5555557290f5 in /home/tstanley/miniconda3/envs/vmamba_copy/bin/python)
frame #43: <unknown function> + 0x206cba (0x55555575acba in /home/tstanley/miniconda3/envs/vmamba_copy/bin/python)
frame #44: <unknown function> + 0x201773 (0x555555755773 in /home/tstanley/miniconda3/envs/vmamba_copy/bin/python)
frame #45: PyRun_StringFlags + 0x7d (0x55555574dc8d in /home/tstanley/miniconda3/envs/vmamba_copy/bin/python)
frame #46: PyRun_SimpleStringFlags + 0x3c (0x55555574db2c in /home/tstanley/miniconda3/envs/vmamba_copy/bin/python)
frame #47: Py_RunMain + 0x23a (0x55555574cbaa in /home/tstanley/miniconda3/envs/vmamba_copy/bin/python)
frame #48: Py_BytesMain + 0x37 (0x55555571c947 in /home/tstanley/miniconda3/envs/vmamba_copy/bin/python)
frame #49: __libc_start_main + 0xe5 (0x1555545dd7e5 in /lib64/libc.so.6)
frame #50: <unknown function> + 0x1c882e (0x55555571c82e in /home/tstanley/miniconda3/envs/vmamba_copy/bin/python)

[E320 16:55:15.290547364 socket.cpp:1028] [c10d] The client socket has timed out after 600000ms while trying to connect to (localhost, 3681).
[W320 16:55:15.291546826 TCPStore.cpp:340] [c10d] TCP client failed to connect/validate to host localhost:3681 - retrying (try=0, timeout=600000ms, delay=77539ms): The client socket has timed out after 600000ms while trying to connect to (localhost, 3681).
Exception raised from throwTimeoutError at /pytorch/torch/csrc/distributed/c10d/socket.cpp:1030 (most recent call first):
frame #0: c10::Error::Error(c10::SourceLocation, std::__cxx11::basic_string<char, std::char_traits<char>, std::allocator<char> >) + 0x9d (0x15542521dfdd in /home/tstanley/miniconda3/envs/vmamba_copy/lib/python3.10/site-packages/torch/lib/libc10.so)
frame #1: <unknown function> + 0x16b7768 (0x155464030768 in /home/tstanley/miniconda3/envs/vmamba_copy/lib/python3.10/site-packages/torch/lib/libtorch_cpu.so)
frame #2: <unknown function> + 0x6ac3457 (0x15546943c457 in /home/tstanley/miniconda3/envs/vmamba_copy/lib/python3.10/site-packages/torch/lib/libtorch_cpu.so)
frame #3: <unknown function> + 0x6ac35f6 (0x15546943c5f6 in /home/tstanley/miniconda3/envs/vmamba_copy/lib/python3.10/site-packages/torch/lib/libtorch_cpu.so)
frame #4: <unknown function> + 0x6ac39e7 (0x15546943c9e7 in /home/tstanley/miniconda3/envs/vmamba_copy/lib/python3.10/site-packages/torch/lib/libtorch_cpu.so)
frame #5: <unknown function> + 0x6a28fe3 (0x1554693a1fe3 in /home/tstanley/miniconda3/envs/vmamba_copy/lib/python3.10/site-packages/torch/lib/libtorch_cpu.so)
frame #6: c10d::TCPStore::TCPStore(std::__cxx11::basic_string<char, std::char_traits<char>, std::allocator<char> >, c10d::TCPStoreOptions const&) + 0x41d (0x1554693a8d7d in /home/tstanley/miniconda3/envs/vmamba_copy/lib/python3.10/site-packages/torch/lib/libtorch_cpu.so)
frame #7: <unknown function> + 0xe7d73f (0x155478ca573f in /home/tstanley/miniconda3/envs/vmamba_copy/lib/python3.10/site-packages/torch/lib/libtorch_python.so)
frame #8: <unknown function> + 0x40d20a (0x15547823520a in /home/tstanley/miniconda3/envs/vmamba_copy/lib/python3.10/site-packages/torch/lib/libtorch_python.so)
frame #9: <unknown function> + 0x13d0c6 (0x5555556910c6 in /home/tstanley/miniconda3/envs/vmamba_copy/bin/python)
frame #10: _PyObject_MakeTpCall + 0x273 (0x555555689e13 in /home/tstanley/miniconda3/envs/vmamba_copy/bin/python)
frame #11: <unknown function> + 0x14ac57 (0x55555569ec57 in /home/tstanley/miniconda3/envs/vmamba_copy/bin/python)
frame #12: PyVectorcall_Call + 0xc7 (0x55555569f7e7 in /home/tstanley/miniconda3/envs/vmamba_copy/bin/python)
frame #13: <unknown function> + 0x148821 (0x55555569c821 in /home/tstanley/miniconda3/envs/vmamba_copy/bin/python)
frame #14: <unknown function> + 0x13617d (0x55555568a17d in /home/tstanley/miniconda3/envs/vmamba_copy/bin/python)
frame #15: <unknown function> + 0x40ac7b (0x155478232c7b in /home/tstanley/miniconda3/envs/vmamba_copy/lib/python3.10/site-packages/torch/lib/libtorch_python.so)
frame #16: _PyObject_MakeTpCall + 0x273 (0x555555689e13 in /home/tstanley/miniconda3/envs/vmamba_copy/bin/python)
frame #17: _PyEval_EvalFrameDefault + 0x5466 (0x555555686016 in /home/tstanley/miniconda3/envs/vmamba_copy/bin/python)
frame #18: _PyFunction_Vectorcall + 0x6c (0x55555569159c in /home/tstanley/miniconda3/envs/vmamba_copy/bin/python)
frame #19: _PyEval_EvalFrameDefault + 0x313 (0x555555680ec3 in /home/tstanley/miniconda3/envs/vmamba_copy/bin/python)
frame #20: <unknown function> + 0x1b208f (0x55555570608f in /home/tstanley/miniconda3/envs/vmamba_copy/bin/python)
frame #21: <unknown function> + 0x13d763 (0x555555691763 in /home/tstanley/miniconda3/envs/vmamba_copy/bin/python)
frame #22: _PyEval_EvalFrameDefault + 0x313 (0x555555680ec3 in /home/tstanley/miniconda3/envs/vmamba_copy/bin/python)
frame #23: _PyFunction_Vectorcall + 0x6c (0x55555569159c in /home/tstanley/miniconda3/envs/vmamba_copy/bin/python)
frame #24: PyObject_Call + 0xba (0x55555569f45a in /home/tstanley/miniconda3/envs/vmamba_copy/bin/python)
frame #25: _PyEval_EvalFrameDefault + 0x2d02 (0x5555556838b2 in /home/tstanley/miniconda3/envs/vmamba_copy/bin/python)
frame #26: _PyFunction_Vectorcall + 0x6c (0x55555569159c in /home/tstanley/miniconda3/envs/vmamba_copy/bin/python)
frame #27: PyObject_Call + 0xba (0x55555569f45a in /home/tstanley/miniconda3/envs/vmamba_copy/bin/python)
frame #28: _PyEval_EvalFrameDefault + 0x2d02 (0x5555556838b2 in /home/tstanley/miniconda3/envs/vmamba_copy/bin/python)
frame #29: _PyFunction_Vectorcall + 0x6c (0x55555569159c in /home/tstanley/miniconda3/envs/vmamba_copy/bin/python)
frame #30: _PyEval_EvalFrameDefault + 0x130f (0x555555681ebf in /home/tstanley/miniconda3/envs/vmamba_copy/bin/python)
frame #31: _PyFunction_Vectorcall + 0x6c (0x55555569159c in /home/tstanley/miniconda3/envs/vmamba_copy/bin/python)
frame #32: _PyEval_EvalFrameDefault + 0x2d02 (0x5555556838b2 in /home/tstanley/miniconda3/envs/vmamba_copy/bin/python)
frame #33: _PyFunction_Vectorcall + 0x6c (0x55555569159c in /home/tstanley/miniconda3/envs/vmamba_copy/bin/python)
frame #34: _PyEval_EvalFrameDefault + 0x6fb (0x5555556812ab in /home/tstanley/miniconda3/envs/vmamba_copy/bin/python)
frame #35: _PyFunction_Vectorcall + 0x6c (0x55555569159c in /home/tstanley/miniconda3/envs/vmamba_copy/bin/python)
frame #36: _PyEval_EvalFrameDefault + 0x6fb (0x5555556812ab in /home/tstanley/miniconda3/envs/vmamba_copy/bin/python)
frame #37: _PyFunction_Vectorcall + 0x6c (0x55555569159c in /home/tstanley/miniconda3/envs/vmamba_copy/bin/python)
frame #38: _PyEval_EvalFrameDefault + 0x313 (0x555555680ec3 in /home/tstanley/miniconda3/envs/vmamba_copy/bin/python)
frame #39: _PyFunction_Vectorcall + 0x6c (0x55555569159c in /home/tstanley/miniconda3/envs/vmamba_copy/bin/python)
frame #40: _PyEval_EvalFrameDefault + 0x130f (0x555555681ebf in /home/tstanley/miniconda3/envs/vmamba_copy/bin/python)
frame #41: <unknown function> + 0x1d51ac (0x5555557291ac in /home/tstanley/miniconda3/envs/vmamba_copy/bin/python)
frame #42: PyEval_EvalCode + 0x85 (0x5555557290f5 in /home/tstanley/miniconda3/envs/vmamba_copy/bin/python)
frame #43: <unknown function> + 0x206cba (0x55555575acba in /home/tstanley/miniconda3/envs/vmamba_copy/bin/python)
frame #44: <unknown function> + 0x201773 (0x555555755773 in /home/tstanley/miniconda3/envs/vmamba_copy/bin/python)
frame #45: PyRun_StringFlags + 0x7d (0x55555574dc8d in /home/tstanley/miniconda3/envs/vmamba_copy/bin/python)
frame #46: PyRun_SimpleStringFlags + 0x3c (0x55555574db2c in /home/tstanley/miniconda3/envs/vmamba_copy/bin/python)
frame #47: Py_RunMain + 0x23a (0x55555574cbaa in /home/tstanley/miniconda3/envs/vmamba_copy/bin/python)
frame #48: Py_BytesMain + 0x37 (0x55555571c947 in /home/tstanley/miniconda3/envs/vmamba_copy/bin/python)
frame #49: __libc_start_main + 0xe5 (0x1555545dd7e5 in /lib64/libc.so.6)
frame #50: <unknown function> + 0x1c882e (0x55555571c82e in /home/tstanley/miniconda3/envs/vmamba_copy/bin/python)

[E320 17:04:45.023803384 socket.cpp:1028] [c10d] The client socket has timed out after 600000ms while trying to connect to (localhost, 3681).
[E320 17:04:46.065575686 TCPStore.cpp:328] [c10d] TCP client failed to connect/validate to host localhost:3681 - timed out (try=1, timeout=600000ms): The client socket has timed out after 600000ms while trying to connect to (localhost, 3681).
Exception raised from throwTimeoutError at /pytorch/torch/csrc/distributed/c10d/socket.cpp:1030 (most recent call first):
frame #0: c10::Error::Error(c10::SourceLocation, std::__cxx11::basic_string<char, std::char_traits<char>, std::allocator<char> >) + 0x9d (0x15542521dfdd in /home/tstanley/miniconda3/envs/vmamba_copy/lib/python3.10/site-packages/torch/lib/libc10.so)
frame #1: <unknown function> + 0x16b7768 (0x155464030768 in /home/tstanley/miniconda3/envs/vmamba_copy/lib/python3.10/site-packages/torch/lib/libtorch_cpu.so)
frame #2: <unknown function> + 0x6ac3457 (0x15546943c457 in /home/tstanley/miniconda3/envs/vmamba_copy/lib/python3.10/site-packages/torch/lib/libtorch_cpu.so)
frame #3: <unknown function> + 0x6ac35f6 (0x15546943c5f6 in /home/tstanley/miniconda3/envs/vmamba_copy/lib/python3.10/site-packages/torch/lib/libtorch_cpu.so)
frame #4: <unknown function> + 0x6ac39e7 (0x15546943c9e7 in /home/tstanley/miniconda3/envs/vmamba_copy/lib/python3.10/site-packages/torch/lib/libtorch_cpu.so)
frame #5: <unknown function> + 0x6a28fe3 (0x1554693a1fe3 in /home/tstanley/miniconda3/envs/vmamba_copy/lib/python3.10/site-packages/torch/lib/libtorch_cpu.so)
frame #6: c10d::TCPStore::TCPStore(std::__cxx11::basic_string<char, std::char_traits<char>, std::allocator<char> >, c10d::TCPStoreOptions const&) + 0x41d (0x1554693a8d7d in /home/tstanley/miniconda3/envs/vmamba_copy/lib/python3.10/site-packages/torch/lib/libtorch_cpu.so)
frame #7: <unknown function> + 0xe7d73f (0x155478ca573f in /home/tstanley/miniconda3/envs/vmamba_copy/lib/python3.10/site-packages/torch/lib/libtorch_python.so)
frame #8: <unknown function> + 0x40d20a (0x15547823520a in /home/tstanley/miniconda3/envs/vmamba_copy/lib/python3.10/site-packages/torch/lib/libtorch_python.so)
frame #9: <unknown function> + 0x13d0c6 (0x5555556910c6 in /home/tstanley/miniconda3/envs/vmamba_copy/bin/python)
frame #10: _PyObject_MakeTpCall + 0x273 (0x555555689e13 in /home/tstanley/miniconda3/envs/vmamba_copy/bin/python)
frame #11: <unknown function> + 0x14ac57 (0x55555569ec57 in /home/tstanley/miniconda3/envs/vmamba_copy/bin/python)
frame #12: PyVectorcall_Call + 0xc7 (0x55555569f7e7 in /home/tstanley/miniconda3/envs/vmamba_copy/bin/python)
frame #13: <unknown function> + 0x148821 (0x55555569c821 in /home/tstanley/miniconda3/envs/vmamba_copy/bin/python)
frame #14: <unknown function> + 0x13617d (0x55555568a17d in /home/tstanley/miniconda3/envs/vmamba_copy/bin/python)
frame #15: <unknown function> + 0x40ac7b (0x155478232c7b in /home/tstanley/miniconda3/envs/vmamba_copy/lib/python3.10/site-packages/torch/lib/libtorch_python.so)
frame #16: _PyObject_MakeTpCall + 0x273 (0x555555689e13 in /home/tstanley/miniconda3/envs/vmamba_copy/bin/python)
frame #17: _PyEval_EvalFrameDefault + 0x5466 (0x555555686016 in /home/tstanley/miniconda3/envs/vmamba_copy/bin/python)
frame #18: _PyFunction_Vectorcall + 0x6c (0x55555569159c in /home/tstanley/miniconda3/envs/vmamba_copy/bin/python)
frame #19: _PyEval_EvalFrameDefault + 0x313 (0x555555680ec3 in /home/tstanley/miniconda3/envs/vmamba_copy/bin/python)
frame #20: <unknown function> + 0x1b208f (0x55555570608f in /home/tstanley/miniconda3/envs/vmamba_copy/bin/python)
frame #21: <unknown function> + 0x13d763 (0x555555691763 in /home/tstanley/miniconda3/envs/vmamba_copy/bin/python)
frame #22: _PyEval_EvalFrameDefault + 0x313 (0x555555680ec3 in /home/tstanley/miniconda3/envs/vmamba_copy/bin/python)
frame #23: _PyFunction_Vectorcall + 0x6c (0x55555569159c in /home/tstanley/miniconda3/envs/vmamba_copy/bin/python)
frame #24: PyObject_Call + 0xba (0x55555569f45a in /home/tstanley/miniconda3/envs/vmamba_copy/bin/python)
frame #25: _PyEval_EvalFrameDefault + 0x2d02 (0x5555556838b2 in /home/tstanley/miniconda3/envs/vmamba_copy/bin/python)
frame #26: _PyFunction_Vectorcall + 0x6c (0x55555569159c in /home/tstanley/miniconda3/envs/vmamba_copy/bin/python)
frame #27: PyObject_Call + 0xba (0x55555569f45a in /home/tstanley/miniconda3/envs/vmamba_copy/bin/python)
frame #28: _PyEval_EvalFrameDefault + 0x2d02 (0x5555556838b2 in /home/tstanley/miniconda3/envs/vmamba_copy/bin/python)
frame #29: _PyFunction_Vectorcall + 0x6c (0x55555569159c in /home/tstanley/miniconda3/envs/vmamba_copy/bin/python)
frame #30: _PyEval_EvalFrameDefault + 0x130f (0x555555681ebf in /home/tstanley/miniconda3/envs/vmamba_copy/bin/python)
frame #31: _PyFunction_Vectorcall + 0x6c (0x55555569159c in /home/tstanley/miniconda3/envs/vmamba_copy/bin/python)
frame #32: _PyEval_EvalFrameDefault + 0x2d02 (0x5555556838b2 in /home/tstanley/miniconda3/envs/vmamba_copy/bin/python)
frame #33: _PyFunction_Vectorcall + 0x6c (0x55555569159c in /home/tstanley/miniconda3/envs/vmamba_copy/bin/python)
frame #34: _PyEval_EvalFrameDefault + 0x6fb (0x5555556812ab in /home/tstanley/miniconda3/envs/vmamba_copy/bin/python)
frame #35: _PyFunction_Vectorcall + 0x6c (0x55555569159c in /home/tstanley/miniconda3/envs/vmamba_copy/bin/python)
frame #36: _PyEval_EvalFrameDefault + 0x6fb (0x5555556812ab in /home/tstanley/miniconda3/envs/vmamba_copy/bin/python)
frame #37: _PyFunction_Vectorcall + 0x6c (0x55555569159c in /home/tstanley/miniconda3/envs/vmamba_copy/bin/python)
frame #38: _PyEval_EvalFrameDefault + 0x313 (0x555555680ec3 in /home/tstanley/miniconda3/envs/vmamba_copy/bin/python)
frame #39: _PyFunction_Vectorcall + 0x6c (0x55555569159c in /home/tstanley/miniconda3/envs/vmamba_copy/bin/python)
frame #40: _PyEval_EvalFrameDefault + 0x130f (0x555555681ebf in /home/tstanley/miniconda3/envs/vmamba_copy/bin/python)
frame #41: <unknown function> + 0x1d51ac (0x5555557291ac in /home/tstanley/miniconda3/envs/vmamba_copy/bin/python)
frame #42: PyEval_EvalCode + 0x85 (0x5555557290f5 in /home/tstanley/miniconda3/envs/vmamba_copy/bin/python)
frame #43: <unknown function> + 0x206cba (0x55555575acba in /home/tstanley/miniconda3/envs/vmamba_copy/bin/python)
frame #44: <unknown function> + 0x201773 (0x555555755773 in /home/tstanley/miniconda3/envs/vmamba_copy/bin/python)
frame #45: PyRun_StringFlags + 0x7d (0x55555574dc8d in /home/tstanley/miniconda3/envs/vmamba_copy/bin/python)
frame #46: PyRun_SimpleStringFlags + 0x3c (0x55555574db2c in /home/tstanley/miniconda3/envs/vmamba_copy/bin/python)
frame #47: Py_RunMain + 0x23a (0x55555574cbaa in /home/tstanley/miniconda3/envs/vmamba_copy/bin/python)
frame #48: Py_BytesMain + 0x37 (0x55555571c947 in /home/tstanley/miniconda3/envs/vmamba_copy/bin/python)
frame #49: __libc_start_main + 0xe5 (0x1555545dd7e5 in /lib64/libc.so.6)
frame #50: <unknown function> + 0x1c882e (0x55555571c82e in /home/tstanley/miniconda3/envs/vmamba_copy/bin/python)

